// Jest Snapshot v1, https://goo.gl/fbAQLP

exports[`teste componente ProfilePage renders correctly 1`] = `
<div
  className="sc-bdVaJa evZhST"
/>
`;
