// Jest Snapshot v1, https://goo.gl/fbAQLP

exports[`teste componente Loader renders correctly 1`] = `
<div
  className="sc-bwzfXH ioFCEO"
>
  <img
    alt="deveria ter uma imagem"
    className="sc-htpNat fQBuIK"
    src="logo-future-eats.svg"
  />
</div>
`;
